NODES: 3, LINKS: 3
ROLES: validators=2 observers=1
LATENCY_MIN_MAX_MS: 20 70
CAPACITY_SUM_MBPS: 400
CONNECTED: true
