COUNT ForestCity: 1
COUNT Zuitzerland: 1
STATS citizens=2 validators=0 founders=0
