ALLIANCES: ["ForestCity â†” Zuitzerland"]
LISTALL total=2
 - Zoe#10 (Citizen)
 - Pax#11 (Founder)
