REPORT ForestCity: pop=3 gdp=300 per_capita=100 allies=0
