REPORT ForestCity: pop=2 gdp=120 per_capita=60 allies=2
