[State] Zuzalu: pop=4 gdp=400
[Alliance] RedNet: members=2 total_pop=6
