ALLIANCE BlueNet: members=2 total_pop=5 avg_gdp=600
